// Jest Snapshot v1, https://goo.gl/fbAQLP

exports[`ValidateError component specs should render correctly using snapshot testing 1`] = `
<DocumentFragment>
  <div
    class="css-rfyw22"
  />
</DocumentFragment>
`;
